C:\Users\Rania\examples-mapreduce\src\main\java\com\opstty\mapper\DistrictsTreesMapper.java
C:\Users\Rania\examples-mapreduce\src\main\java\com\opstty\reducer\DistrictsTreesReducer.java
C:\Users\Rania\examples-mapreduce\src\main\java\com\opstty\reducer\DistrictOldesTreeReducer.java
C:\Users\Rania\examples-mapreduce\src\main\java\com\opstty\reducer\MaxHeightKindsReducer.java
C:\Users\Rania\examples-mapreduce\src\main\java\com\opstty\reducer\DistrictMaxTreesReducer.java
C:\Users\Rania\examples-mapreduce\src\main\java\com\opstty\AppDriver.java
C:\Users\Rania\examples-mapreduce\src\main\java\com\opstty\reducer\TreeKindsCountReducer.java
C:\Users\Rania\examples-mapreduce\src\main\java\com\opstty\mapper\SpeciesMapper.java
C:\Users\Rania\examples-mapreduce\src\main\java\com\opstty\job\TreeKindsCount.java
C:\Users\Rania\examples-mapreduce\src\main\java\com\opstty\job\SortedHeight.java
C:\Users\Rania\examples-mapreduce\src\main\java\com\opstty\mapper\DistrictOldesTreeMapper.java
C:\Users\Rania\examples-mapreduce\src\main\java\com\opstty\mapper\SortedHeightMapper.java
C:\Users\Rania\examples-mapreduce\src\main\java\com\opstty\mapper\TreeKindsCountMapper.java
C:\Users\Rania\examples-mapreduce\src\main\java\com\opstty\job\DistrictsTrees.java
C:\Users\Rania\examples-mapreduce\src\main\java\com\opstty\reducer\SpeciesReducer.java
C:\Users\Rania\examples-mapreduce\src\main\java\com\opstty\job\DistrictOldesTree.java
C:\Users\Rania\examples-mapreduce\src\main\java\com\opstty\job\DistrictMaxTrees.java
C:\Users\Rania\examples-mapreduce\src\main\java\com\opstty\reducer\SortedHeightReducer.java
C:\Users\Rania\examples-mapreduce\src\main\java\com\opstty\job\WordCount.java
C:\Users\Rania\examples-mapreduce\src\main\java\com\opstty\mapper\MaxHeightKindsMapper.java
C:\Users\Rania\examples-mapreduce\src\main\java\com\opstty\mapper\TokenizerMapper.java
C:\Users\Rania\examples-mapreduce\src\main\java\com\opstty\job\MaxHeightKinds.java
C:\Users\Rania\examples-mapreduce\src\main\java\com\opstty\reducer\IntSumReducer.java
C:\Users\Rania\examples-mapreduce\src\main\java\com\opstty\job\ExistingSpecies.java
